sudo wget http://www.medibuntu.org/sources.list.d/feisty.list -O /etc/apt/sources.list.d/medibuntu.list

wget -q http://packages.medibuntu.org/medibuntu-key.gpg -O- | sudo apt-key add - && sudo apt-get update

sudo aptitude install skype



/etc/lsb-release:DISTRIB_CODENAME=jaunty


DN=jaunty
sudo wget http://www.medibuntu.org/sources.list.d/${DN}.list -O /etc/apt/sources.list.d/medibuntu.list
wget -q http://packages.medibuntu.org/medibuntu-key.gpg -O- | sudo apt-key add - && sudo apt-get update




sudo apt-get install amrnb
sudo apt-get install amrwb


sudo apt-get upgrade ffmpeg
### that also cought mplayer and a bunch of stuff

mplayer Inis\ thiar.amr
#yay


Unsupported codec (id=73728) for input stream #0.0
jamesc@jamesc-laptop:~/Music$ ffmpeg -i Inis\ thiar.amr Inis\ thiar.flac
# ffmpeg itself doesn't seem to handle it
ldd `which ffmpeg`

-------------------------------
TODO: emacs  insert-timestamp
 from my old old old OLD .emacs
 ... partly from my diary helper

--------------------------------------------------------------------------------
Bluetooth
pooky phone registered, send file ok
file browse on device => error :(  obex://xx.xx. 

jamesc@jamesc-laptop:~$ sudo apt-get install gnome-vfs-obexftp

no difference


Browse files on Device
  Select Pooky + Connect 
   1. Could not display "obex..."
      Error: Connection refused
      Please select another viewer and try again.
   2. Could not display "obex..."
      Error: DBus error org.freedesktop.DBus.Error.NoReply: Message d....
      Please select another viewer and try again.

On phone Connections - bluetooth - jamesc-laptop-0 already paired
 delete it
  add paired device ...
  first on laptop set bluetooth visible
  then add (passcode ? 2323 ?)  oh prompt on pc for pin - oops too late
  try again.
  YAY Browse files on device => can see C:



OTHER bluetooth issue (or 2).
1. file browse, copy files, move files
 - no permissions to delete -> errors
 - files alreasdy exist - V slow prompting for overwrite or skip and timeouts
  any prompt causes session timeout?
restart phone (maybe it is just the phone unit?)
2. initial copy it says starting xfer of 0 files 0 bytes
 ...



--------------------------------------------------------------------------------
Sun J2ME BlueRay test
Preffered owner and org ~/.wine/system.reg

jamesc@jamesc-laptop:~$ wine exploder
wine: could not load L"C:\\windows\\system32\\exploder.exe": Module not found
jamesc@jamesc-laptop:~$ wine explorer
j




http://www.howtogeek.com/howto/ubuntu/install-subversion-with-web-access-on-ubuntu/

http://localhost/apache2-default/

jamesc@jamesc-laptop:~/src$ svn co file://localhost/svn svn_local
Checked out revision 0.


yes http://localhost/svn/


jamesc@jamesc-laptop:~/src$ svn co http://localhost/svn svn_loc_http
Checked out revision 0.


mkdir trunk branches tags
svn add trunk branches tags


jamesc@jamesc-laptop:~/src/svn_loc_http$ svn ci -m"add trunk branches tags"
svn: Commit failed (details follow):
svn: Can't open file '/svn/db/txn-current-lock': Permission denied

eh ?


jamesc@jamesc-laptop:~/src/svn_loc_http$ svn --username drupaluser --password drupaluser ci -m"add trunk branches tags"
svn: Commit failed (details follow):
svn: Can't open file '/svn/db/txn-current-lock': Permission denied

permissions ?
/svn root root
 but no apache/apache2 group or userr?
no subversion user?
-rw-r--r--  1 jamesc jamesc   352 2005-12-10 19:26 xmlrpc.php
jamesc@jamesc-laptop:~/src/svn_loc_http$ ls -al /var/www/drupal/



jamesc@jamesc-laptop:~/src/svn_loc_http$ sudo chown www-data /svn
jamesc@jamesc-laptop:~/src/svn_loc_http$ sudo chown www-data /svn/
conf/       db/         format      hooks/      locks/      README.txt  
jamesc@jamesc-laptop:~/src/svn_loc_http$ sudo chown www-data /svn/*
jamesc@jamesc-laptop:~/src/svn_loc_http$ sudo chown www-data /svn/*/*
jamesc@jamesc-laptop:~/src/svn_loc_http$ sudo chown www-data /svn/*/*/*
jamesc@jamesc-laptop:~/src/svn_loc_http$ sudo chown www-data /svn/*/*/*/*
jamesc@jamesc-laptop:~/src/svn_loc_http$ sudo chown www-data /svn/*/*/*/*/*
chown: cannot access `/svn/*/*/*/*/*': No such file or directory
jamesc@jamesc-laptop:~/src/svn_loc_http$ svn ci -m"add trunk branches tags"
Adding         branches
Adding         tags
Adding         trunk

Committed revision 1.



http://www.howtogeek.com/howto/ubuntu/install-subversion-with-web-access-on-ubuntu/

edit and comment in the auth part

jamesc@jamesc-laptop:~/src/svn_loc_http/trunk$ sudo vi /etc/apache2/mods-enabled/dav_svn.conf
jamesc@jamesc-laptop:~/src/svn_loc_http/trunk$ !sudo /et
sudo vi /etc/apache2/mods-enabled/dav_svn.conf /et
2 files to edit
jamesc@jamesc-laptop:~/src/svn_loc_http/trunk$ sudo /etc/init.d/apache2 restart


then commit with usernames

================================================================================

now Trac

http://trac.edgewall.org/wiki/TracUbuntuMultipleProjects



... enable ssl


jamesc@jamesc-laptop:~/src/svn_loc_http/trunk$ ls -al /etc/apache2/sites-available
total 20
drwxr-xr-x 2 root root 4096 2009-03-31 21:51 .
drwxr-xr-x 7 root root 4096 2009-04-04 01:36 ..
-rw-r--r-- 1 root root  950 2008-09-19 14:41 default
-rw-r--r-- 1 root root 7366 2008-09-19 14:41 default-ssl
jamesc@jamesc-laptop:~/src/svn_loc_http/trunk$ ls -al /etc/apache2/sites-enabled/
total 8
drwxr-xr-x 2 root root 4096 2009-03-31 21:51 .
drwxr-xr-x 7 root root 4096 2009-04-04 01:36 ..
lrwxrwxrwx 1 root root   26 2009-03-31 21:51 000-default -> ../sites-available/default
jamesc@jamesc-laptop:~/src/svn_loc_http/trunk$ ln -s /etc/apache2/sites-available/default-ssl /etc/apache2/sites-enabled/
ln: creating symbolic link `/etc/apache2/sites-enabled/default-ssl': Permission denied
jamesc@jamesc-laptop:~/src/svn_loc_http/trunk$ sudo ln -s /etc/apache2/sites-available/default-ssl /etc/apache2/sites-enabled/




mod_userdir  yes :)


jamesc@jamesc-laptop:~/src/svn_loc_http/trunk$ sudo ln -s /etc/apache2/mods-available/userdir.conf /etc/apache2/mods-enabled/
jamesc@jamesc-laptop:~/src/svn_loc_http/trunk$ sudo ln -s /etc/apache2/mods-available/userdir.load /etc/apache2/mods-enabled/
jamesc@jamesc-laptop:~/src/svn_loc_http/trunk$ ls -al /etc/apache2/mods-*/

jamesc@jamesc-laptop:~/src/svn_loc_http/trunk$ sudo /etc/init.d/apache2 restart



jamesc@jamesc-laptop:~/src/svn_loc_http/trunk$ sudo vi /etc/apache2/sites-available/default-trac
jamesc@jamesc-laptop:~/src/svn_loc_http/trunk$ cat /etc/apache2/sites-available/default-trac

<Location /projects> #set up Trac handling      
     SetHandler mod_python    
     PythonHandler trac.web.modpython_frontend    
     PythonOption TracEnvParentDir /var/lib/trac    
     PythonOption TracUriRoot /projects    
</Location>      


jamesc@jamesc-laptop:~/src/svn_loc_http/trunk$ sudo /etc/init.d/apache2 restart
 * Restarting web server apache2                                                                                * We failed to correctly shutdown apache, so we're now killing all running apache processes. This is almost certainly suboptimal, so please make sure your system is working as you'd expect now!
 ... waiting Syntax error on line 4 of /etc/apache2/sites-enabled/default-trac:
Invalid command 'PythonHandler', perhaps misspelled or defined by a module not included in the server configuration
                                                                                                        [fail]
jamesc@jamesc-laptop:~/src/svn_loc_http/trunk$ 


sudo trac-admin /var/lib/trac/drupaltrac initenv 
Project Name [My Project]> DrupalTrac
Database connection string [sqlite:db/trac.db]> 
Repository type [svn]> 
Path to repository [/path/to/repos]> /svn








jamesc@jamesc-laptop:~/src/svn_loc_http/trunk$ sudo apt-get install libapache2-mod-python2.4
Reading package lists... Done
Building dependency tree       
Reading state information... Done
Package libapache2-mod-python2.4 is not available, but is referred to by another package.
This may mean that the package is missing, has been obsoleted, or
is only available from another source
However the following packages replace it:
  libapache2-mod-python
E: Package libapache2-mod-python2.4 has no installation candidate
jamesc@jamesc-laptop:~/src/svn_loc_http/trunk$ sudo apt-get install libapache2-mod-python



https://localhost/projects

    % (getuser(), path))
TracError: The user www-data requires read _and_ write permission to the database file /var/lib/trac/drupaltrac/db/trac.db and the directory it is located in.


jamesc@jamesc-laptop:~/src/svn_loc_http/trunk$ chown www-data /var/lib/trac
chown: changing ownership of `/var/lib/trac': Operation not permitted
jamesc@jamesc-laptop:~/src/svn_loc_http/trunk$ sudo chown www-data /var/lib/trac
jamesc@jamesc-laptop:~/src/svn_loc_http/trunk$ sudo chown www-data /var/lib/trac/*
jamesc@jamesc-laptop:~/src/svn_loc_http/trunk$ sudo chown www-data /var/lib/trac/*/*
jamesc@jamesc-laptop:~/src/svn_loc_http/trunk$ sudo chown www-data /var/lib/trac/*/*/*
jamesc@jamesc-laptop:~/src/svn_loc_http/trunk$ sudo chown www-data /var/lib/trac/*/*/*/*
chown: cannot access `/var/lib/trac/*/*/*/*': No such file or directory






svnserve:
jamesc@jamesc-laptop:~/src$ svn co svn://localhost/svn svn_loc_svnserve
svn: Can't connect to host 'localhost': Connection refused







need /etc/init.d entry and /etc/svnserve.conf for auth

jamesc@jamesc-laptop:~/src$ svnserve -d -r /svn
jamesc@jamesc-laptop:~/src$ svn co svn://localhost/svn svn_loc_svnservesvn: URL 'svn://localhost/svn' doesn't exist
jamesc@jamesc-laptop:~/src$ svn co svn://localhost svn_loc_svnserve
A    svn_loc_svnserve/trunk
A    svn_loc_svnserve/trunk/drupalmessdrawingx.png
A    svn_loc_svnserve/trunk/notes-ubuntu-delllaptop
A    svn_loc_svnserve/branches
A    svn_loc_svnserve/tags
Checked out revision 3.


svnserve -d --listen-port 911 --listen-host 192.168.0.123 -r /lnx_data/repos_holder/




svn import /foo/work svn+ssh://usre@server/full/path/to/repoz




================================================================================


apt-file --list josm ... doesn't work !?!?
x
jamesc@jamesc-laptop:~$ dpkg-query -L josm
/.
/usr
/usr/bin
/usr/bin/josm
/usr/share
/usr/share/josm
/usr/share/josm/josm-0.0.0.20080713.jar
/usr/share/pixmaps
/usr/share/pixmaps/josm-16.xpm
/usr/share/pixmaps/josm-32.xpm
/usr/share/applications
/usr/share/applications/josm.desktop
/usr/share/doc
/usr/share/doc/josm
/usr/share/doc/josm/README
/usr/share/doc/josm/README.Debian
/usr/share/doc/josm/copyright
/usr/share/doc/josm/examples
/usr/share/doc/josm/examples/start.html
/usr/share/doc/josm/changelog.Debian.gz
/usr/share/man
/usr/share/man/man1
/usr/share/man/man1/josm.1.gz
/usr/share/menu
/usr/share/menu/josm
/usr/share/josm/josm.jar
jamesc@jamesc-laptop:~$ display /usr/share/pixmaps/josm-32.xpm
^C

josm pkg installed ... but ... it is too old


jamesc@jamesc-laptop:~$ ls -al mobileGPS/
total 1500
drwxr-xr-x  2 jamesc jamesc   4096 2009-04-28 22:50 .
drwxr-xr-x 77 jamesc jamesc   4096 2009-05-03 12:35 ..
-rw-r--r--  1 jamesc jamesc 528146 2009-04-27 01:14 aftereditingmounteagle.osm
lrwxrwxrwx  1 jamesc jamesc     15 2009-04-26 23:06 josm -> /usr/share/josm
-rw-r--r--  1 jamesc jamesc  79526 2008-09-01 23:25 wami-20080901-00.gpx
-rw-r--r--  1 jamesc jamesc  28901 2008-09-01 23:41 wami-20080901-01.gpx
-rw-r--r--  1 jamesc jamesc 554018 2009-04-26 16:27 wami-20090426-00.gpx
-rw-r--r--  1 jamesc jamesc   4470 2009-04-26 16:41 wami-20090426-01.gpx
-rw-r--r--  1 jamesc jamesc 301132 2009-04-28 21:49 wami-20090428-00.gpx



jamesc@jamesc-laptop:~$ ls -al /usr/bin/josm 
-rwxr-xr-x 1 root root 558 2008-09-09 21:07 /usr/bin/josm



jamesc@jamesc-laptop:~$ ls -al /usr/share/josm
total 5836
drwxr-xr-x   3 root   root      4096 2009-04-26 23:07 .
drwxr-xr-x 431 root   root     16384 2009-04-26 21:27 ..
-rw-r--r--   1 root   root   1309153 2008-09-09 21:07 josm-0.0.0.20080713.jar
lrwxrwxrwx   1 root   root        31 2009-04-26 23:07 josm.jar -> /usr/share/josm/josm-latest.jar
-rw-r--r--   1 jamesc jamesc 4623023 2009-04-26 23:04 josm-latest.jar
drwxr-xr-x   2 root   root      4096 2009-04-26 21:27 plugins




================================================================================


jamesc@jamesc-laptop:~$ glxinfo  |grep rend
get fences failed: -1
param: 6, val: 0
direct rendering: Yes
OpenGL renderer string: Mesa DRI Intel(R) 945GM GEM 20090326 2009Q1 RC2 x86/MMX/SSE2



jamesc@jamesc-laptop:~$ lsmod
Module                  Size  Used by
i915                   65668  2 
drm                    96296  3 i915
binfmt_misc            16776  1 
ppdev                  15620  0 
bridge                 56340  0 
stp                    10500  1 bridge
bnep                   20224  2 
vboxnetflt             91016  0 
vboxdrv               117544  1 vboxnetflt
input_polldev          11912  0 
lp                     17156  0 
parport                42220  2 ppdev,lp
snd_hda_intel         434100  3 
snd_pcm_oss            46336  0 
snd_mixer_oss          22656  1 snd_pcm_oss
arc4                    9856  2 
snd_pcm                82948  2 snd_hda_intel,snd_pcm_oss
snd_seq_dummy          10756  0 
ecb                    10752  2 
snd_seq_oss            37760  0 
snd_seq_midi           14336  0 
snd_rawmidi            29696  1 snd_seq_midi
snd_seq_midi_event     15104  2 snd_seq_oss,snd_seq_midi
iwl3945                97912  0 
snd_seq                56880  7 snd_seq_dummy,snd_seq_oss,snd_seq_midi,snd_seq_midi_event
pcmcia                 44748  0 
mac80211              217464  1 iwl3945
joydev                 18368  0 
snd_timer              29704  2 snd_pcm,snd_seq
snd_seq_device         14988  5 snd_seq_dummy,snd_seq_oss,snd_seq_midi,snd_rawmidi,snd_seq
led_class              12036  1 iwl3945
iTCO_wdt               19108  0 
iTCO_vendor_support    11652  1 iTCO_wdt
snd                    62628  16 snd_hda_intel,snd_pcm_oss,snd_mixer_oss,snd_pcm,snd_seq_oss,snd_rawmidi,snd_seq,snd_timer,snd_seq_device
yenta_socket           32396  1 
intel_agp              34108  1 
btusb                  19608  2 
soundcore              15200  1 snd
cfg80211               38288  2 iwl3945,mac80211
rsrc_nonstatic         19328  1 yenta_socket
pcmcia_core            43540  3 pcmcia,yenta_socket,rsrc_nonstatic
agpgart                42696  3 drm,intel_agp
snd_page_alloc         16904  2 snd_hda_intel,snd_pcm
video                  25360  0 
psmouse                61972  0 
dcdbas                 15264  0 
output                 11008  1 video
serio_raw              13316  0 
tg3                   131204  0 
fbcon                  46112  0 
tileblit               10752  1 fbcon
font                   16384  1 fbcon
bitblit                13824  1 fbcon
softcursor              9984  1 bitblit
jamesc@jamesc-laptop:~$ lsmod |grep vid
video                  25360  0 
output                 11008  1 video



    sudo dpkg-reconfigure xserver-xorg


sudo lspci -v

00:02.0 VGA compatible controller: Intel Corporation Mobile 945GM/GMS, 943/940GML Express Integrated Graphics Controller (rev 03)
	Subsystem: Dell Device 01c2
	Flags: bus master, fast devsel, latency 0, IRQ 16
	Memory at eff00000 (32-bit, non-prefetchable) [size=512K]
	I/O ports at eff8 [size=8]
	Memory at d0000000 (32-bit, prefetchable) [size=256M]
	Memory at efec0000 (32-bit, non-prefetchable) [size=256K]
	Capabilities: [90] Message Signalled Interrupts: Mask- 64bit- Queue=0/0 Enable-
	Capabilities: [d0] Power Management version 2
	Kernel modules: intelfb

00:02.1 Display controller: Intel Corporation Mobile 945GM/GMS/GME, 943/940GML Express Integrated Graphics Controller (rev 03)
	Subsystem: Dell Device 01c2
	Flags: bus master, fast devsel, latency 0
	Memory at eff80000 (32-bit, non-prefetchable) [size=512K]
	Capabilities: [d0] Power Management version 2


http://codeidol.com/unix/ubuntu/X11/Enable-3-D-Video-Acceleration/


sudo dpkg-reconfigure xserver-xorg

jamesc@jamesc-laptop:~$ ls -al /etc/X11/xorg.*
-rw-r--r-- 1 root root 1037 2009-04-10 01:47 /etc/X11/xorg.conf
-rw-r--r-- 1 root root 1037 2009-04-10 01:47 /etc/X11/xorg.conf.dist-upgrade-200904100147
jamesc@jamesc-laptop:~$ cp /etc/X11/xorg.conf  /etc/X11/xorg.conf.jco.backup.20090721
cp: cannot create regular file `/etc/X11/xorg.conf.jco.backup.20090721': Permission denied
jamesc@jamesc-laptop:~$ sudo cp /etc/X11/xorg.conf  /etc/X11/xorg.conf.jco.backup.20090721
[sudo] password for jamesc: 
jamesc@jamesc-laptop:~$ 




Saturday, March 22, 2008
Ubuntu Hardy - Intel 945 Graphics Driver Needs Some Tweaking
I have this driver integrated with the motherboard and, although a Hardy install detects it and sets everything up correctly, the current driver doesn't quite give the performance that it should, especially if you have compiz-fusion running. Typically, you will notice that Firefox scrolling is slow and/or jerky.

I have found two things (searching ubuntuforums.org, where else?) that improve things:

    * Update your /etc/X11/xorg.conf to look like this:

    Section "Device"
    Identifier "Configured Video Device"
    Option "AccelMethod" "exa"
    Option "MigrationHeuristic" "greedy"
    Option "ExaNoComposite" "false"
    EndSection

    * Add the following as a separate line to your /etc/environment file:

    INTEL_BATCH = "1"

http://grumpymole.blogspot.com/2008/03/ubuntu-hardy-intel-945-graphics-driver.html



Broken intel 945GM hardware acceleration in intrepid?




http://www.linuxquestions.org/questions/linux-hardware-18/intel-945gm-and-3d-acceleration-625937/
Section "Monitor"
	#DisplaySize	  300   190	# mm
	Identifier   "Monitor0"
	VendorName   "SEC"
	ModelName    "4442"
EndSection

Section "Device"
        ### Available Driver options are:-
        ### Values: <i>: integer, <f>: float, <bool>: "True"/"False",
        ## <string>: "String", <freq>: "<f> Hz/kHz/MHz"
        ### [arg]: arg optional
        #Option     "NoAccel"            	# [<bool>]
        #Option     "SWcursor"           	# [<bool>]
        #Option     "ColorKey"           	# <i>
        #Option     "CacheLines"         	# <i>
        #Option     "Dac6Bit"            	# [<bool>]
        Option      "DRI"                	"true"
        #Option     "NoDDC"              	# [<bool>]
        #Option     "ShowCache"          	# [<bool>]
        #Option     "XvMCSurfaces"       	# <i>
        #Option     "PageFlip"           	# [<bool>]
	Option      "AccelMethod"               "EXA"
        Option      "MigrationHeuristic"        "greedy"
	Identifier  "Card0"
	Driver      "intel"
	VendorName  "Intel Corporation"
	BoardName   "Mobile 945GM/GMS, 943/940GML Express Integrated Graphics Controller"
	BusID       "PCI:0:2:0"
EndSection






package "xserver-xorg-video-intel"

This package provides the driver for the Intel i8xx and i9xx family
of chipsets, including i810, i815, i830, i845, i855, i865, i915, i945
and i965 series chips.

This package also provides an XvMC (XVideo Motion Compensation) driver
for i810 and i815 chipsets.

More information about X.Org can be found at:
<URL:http://www.X.org>
<URL:http://xorg.freedesktop.org>
<URL:http://lists.freedesktop.org/mailman/listinfo/xorg>

This package is built from the X.org xf86-video-intel driver module.

Canonical provides critical updates for xserver-xorg-video-intel until October 2010.




jamesc@jamesc-laptop:~$ glxgears 
get fences failed: -1
param: 6, val: 0
1036 frames in 5.0 seconds = 207.082 FPS
986 frames in 5.0 seconds = 197.025 FPS
545 frames in 5.0 seconds = 108.628 FPS
221 frames in 5.0 seconds = 44.173 FPS
175 frames in 5.0 seconds = 34.916 FPS
175 frames in 5.0 seconds = 34.899 FPS

http://bbs.archlinux.org/viewtopic.php?id=24481

http://www.phoronix.com/scan.php?page=news_item&px=NzM3OQ
  via http://forums.opensuse.org/hardware/laptop/418072-video-performance-intel-945gm-kernel-2-6-30-a.html
Intel Releases xf86-video-intel 2.8 RC Driver
Posted by Michael Larabel on July 13, 2009






sudo aptitude install dontzap && sudo dontzap -d

jamesc@jamesc-laptop:~$ grep -C3 -i dont /etc/X11/xorg.conf
EndSection

Section "ServerFlags"
	Option	"DontZap"	"False"
EndSection


	

Instead of using don’t zap, try using Alt GR - SysRq - K instead. It does things a little more kindly than Ctrl-Alt-Backspace :-) 




http://en.wikipedia.org/wiki/Magic_SysRq_key
http://www.kernel.org/doc/Documentation/sysrq.txt
sudo /etc/init.d/gdm restart 
 ## => hang :(


change resolution
 => ... ? no difference?  so far.
ouch 1024x768 v corrupt display! :(
  1152x864  ... something still seems wrong.












http://blog.programmerslog.com/?m=200906

http://blog.programmerslog.com/?p=378

How to install the latest Intel drivers on Ubuntu
June 20th, 2009
No comments

This is a fairly painless process to get the latest and greatest drivers for Intel integrated graphics (like the 945GM). Since it is on the more or less bleeding edge of development there can be some issues, but personally I tend to see more issues with outdated drivers than running the latest.

There reason that this process is so simple on Ubuntu is that some nice and clever people have packaged it all up on xorg-edgers. The instructions here are for Ubuntu Jaunty 9.04.

There are some commandline incantations to make and some text files to edit.

Create a file /etc/apt/sources.list.d/xorg-edgers.list that contains the following text:

deb http://ppa.launchpad.net/xorg-edgers/ppa/ubuntu jaunty main
deb-src http://ppa.launchpad.net/xorg-edgers/ppa/ubuntu jaunty main

Now execute the following commands:

sudo apt-key adv --recv-keys --keyserver keyserver.ubuntu.com 0x165d673674a995b3e64bf0cf4f191a5a8844c542
sudo apt-get update
sudo apt-get upgrade

Now you should have pulled in the latest Intel drivers and related dependencies. You might have also updated other packages on your system if you are not fully up to date with your software – don’t worry this should be fine. If you reboot now your system should use these latest drivers with some spiffing UXA acceleration…. but that is not all.

There are some stability issues if you are using a 945 based card, so you need some minor configuration changes. Run the following commandline:

dpkg-reconfigure xserver-xorg

Now you need to edit your /etc/X11/xorg.conf and edit the device section so it looks a bit like this:

Section "Device"
    Identifier "Configured Video Device"
    Driver "intel"
    Option "Tiling" "false"
    Option "FramebufferCompression" "False"
EndSection

The most important part is to get those two lines containing “Option” which fixes the problems.

If you are using stock Jaunty then you will not have Kernel Mode Setting which provides better mode detection and switching for Linux. This requires a new kernel, but I will blog about that tomorrow.








deb http://ppa.launchpad.net/kernel-ppa/ppa/ubuntu YOUR_UBUNTU_VERSION_HERE main 
deb-src http://ppa.launchpad.net/kernel-ppa/ppa/ubuntu YOUR_UBUNTU_VERSION_HERE mai



deb http://ppa.launchpad.net/kernel-ppa/ppa/ubuntu jaunty main 
deb-src http://ppa.launchpad.net/kernel-ppa/ppa/ubuntu jaunty main
